\BOOKMARK [1][-]{section.1}{\376\377\230\171\166\356\151\202\121\265\377\010\0001\0000\122\006\377\011}{}% 1
\BOOKMARK [2][-]{subsection.1.1}{\376\377\127\372\147\054\117\341\140\157}{section.1}% 2
\BOOKMARK [2][-]{subsection.1.2}{\376\377\174\373\176\337\116\073\211\201\122\237\200\375\173\200\116\313\377\010\0004\122\006\377\011}{section.1}% 3
\BOOKMARK [2][-]{subsection.1.3}{\376\377\174\373\176\337\116\073\211\201\230\165\227\142\142\052\126\376\377\010\0006\122\006\377\011}{section.1}% 4
\BOOKMARK [1][-]{section.2}{\376\377\174\373\176\337\221\115\177\156\377\010\0001\0000\122\006\377\011}{}% 5
\BOOKMARK [2][-]{subsection.2.1}{\376\377\213\304\122\006\160\271\133\371\136\224}{section.2}% 6
\BOOKMARK [2][-]{subsection.2.2}{\376\377\221\115\177\156\163\257\130\203\213\364\146\016\377\010\0002\122\006\377\011}{section.2}% 7
\BOOKMARK [2][-]{subsection.2.3}{\376\377\145\160\143\156\136\223\217\336\143\245\145\271\137\017\116\016\217\336\143\245\123\302\145\160\122\006\147\220\377\010\0008\122\006\377\011}{section.2}% 8
\BOOKMARK [1][-]{section.3}{\376\377\145\160\143\156\136\223\213\276\213\241\377\010\0001\0004\122\006\377\011}{}% 9
\BOOKMARK [2][-]{subsection.3.1}{\376\377\213\304\122\006\160\271\133\371\136\224}{section.3}% 10
\BOOKMARK [2][-]{subsection.3.2}{\376\377\140\073\117\123\213\276\213\241\140\035\215\357}{section.3}% 11
\BOOKMARK [2][-]{subsection.3.3}{\376\377\145\160\143\156\210\150\122\033\136\372\230\172\136\217\116\016\123\302\161\147\121\163\174\373\377\010\0001\0000\122\006\377\011}{section.3}% 12
\BOOKMARK [2][-]{subsection.3.4}{\376\377\116\343\210\150\140\047\213\276\213\241\213\364\146\016}{section.3}% 13
\BOOKMARK [3][-]{subsubsection.3.4.1}{\376\377\116\073\116\272\060\001\133\240\162\151\116\016\163\053\162\327\133\120\210\150}{subsection.3.4}% 14
\BOOKMARK [3][-]{subsubsection.3.4.2}{\376\377\136\223\133\130\210\150\166\204\131\015\124\010\116\073\225\056\213\276\213\241}{subsection.3.4}% 15
\BOOKMARK [3][-]{subsubsection.3.4.3}{\376\377\213\241\122\022\116\016\145\345\137\327\133\371\214\141}{subsection.3.4}% 16
\BOOKMARK [2][-]{subsection.3.5}{\376\377\121\163\174\373\126\376\377\010\0004\122\006\377\011}{section.3}% 17
\BOOKMARK [1][-]{section.4}{\376\377\124\053\147\011\116\213\122\241\136\224\165\050\166\204\122\040\226\144\144\315\117\134\377\010\0001\0003\122\006\377\011}{}% 18
\BOOKMARK [2][-]{subsection.4.1}{\376\377\213\304\122\006\160\271\133\371\136\224}{section.4}% 19
\BOOKMARK [2][-]{subsection.4.2}{\376\377\220\011\123\326\166\204\116\343\210\150\127\072\146\157}{section.4}% 20
\BOOKMARK [2][-]{subsection.4.3}{\376\377\122\237\200\375\143\317\217\360\377\010\0001\122\006\377\011}{section.4}% 21
\BOOKMARK [2][-]{subsection.4.4}{\376\377\155\211\123\312\166\204\210\150\060\001\217\336\143\245\133\127\153\265\116\016\122\040\226\144\147\141\116\366\377\010\0004\122\006\377\011}{section.4}% 22
\BOOKMARK [2][-]{subsection.4.5}{\376\377\116\343\210\150\116\213\116\366\000\040\000A\377\032\162\327\174\173\133\240\162\151\145\071\116\072\163\053\174\173\133\240\162\151}{section.4}% 23
\BOOKMARK [2][-]{subsection.4.6}{\376\377\116\343\210\150\116\213\116\366\000\040\000B\377\032\163\053\174\173\133\240\162\151\145\071\116\072\162\327\174\173\133\240\162\151}{section.4}% 24
\BOOKMARK [2][-]{subsection.4.7}{\376\377\116\213\122\241\217\271\165\114\116\016\121\163\225\056\116\343\170\001\377\010\0004\122\006\377\011}{section.4}% 25
\BOOKMARK [2][-]{subsection.4.8}{\376\377\172\013\136\217\157\024\171\072\213\364\146\016\377\010\0004\122\006\377\011}{section.4}% 26
\BOOKMARK [1][-]{section.5}{\376\377\211\346\123\321\126\150\143\247\122\066\116\013\166\204\155\373\122\240\144\315\117\134\377\010\0002\0000\122\006\377\011}{}% 27
\BOOKMARK [2][-]{subsection.5.1}{\376\377\213\304\122\006\160\271\133\371\136\224}{section.5}% 28
\BOOKMARK [2][-]{subsection.5.2}{\376\377\220\011\123\326\166\204\116\343\210\150\127\072\146\157}{section.5}% 29
\BOOKMARK [2][-]{subsection.5.3}{\376\377\122\237\200\375\143\317\217\360\377\010\0001\122\006\377\011}{section.5}% 30
\BOOKMARK [2][-]{subsection.5.4}{\376\377\211\346\123\321\126\150\122\237\200\375\143\317\217\360\377\010\0002\122\006\377\011}{section.5}% 31
\BOOKMARK [2][-]{subsection.5.5}{\376\377\155\211\123\312\166\204\210\150\116\016\217\223\121\145\145\160\143\156\211\304\122\031\377\010\0003\122\006\377\011}{section.5}% 32
\BOOKMARK [2][-]{subsection.5.6}{\376\377\116\343\210\150\116\213\116\366\000\040\000A\377\032\124\010\154\325\143\322\121\145}{section.5}% 33
\BOOKMARK [2][-]{subsection.5.7}{\376\377\116\343\210\150\116\213\116\366\000\040\000B\377\032\227\136\154\325\143\322\121\145}{section.5}% 34
\BOOKMARK [2][-]{subsection.5.8}{\376\377\121\163\225\056\000\040\000S\000Q\000L\000\040\116\016\172\013\136\217\157\024\171\072\377\010\0001\0004\122\006\377\011}{section.5}% 35
\BOOKMARK [1][-]{section.6}{\376\377\133\130\120\250\217\307\172\013\143\247\122\066\116\013\166\204\146\364\145\260\144\315\117\134\377\010\0001\0008\122\006\377\011}{}% 36
\BOOKMARK [2][-]{subsection.6.1}{\376\377\213\304\122\006\160\271\133\371\136\224}{section.6}% 37
\BOOKMARK [2][-]{subsection.6.2}{\376\377\220\011\123\326\166\204\116\343\210\150\127\072\146\157}{section.6}% 38
\BOOKMARK [2][-]{subsection.6.3}{\376\377\122\237\200\375\143\317\217\360\377\010\0001\122\006\377\011}{section.6}% 39
\BOOKMARK [2][-]{subsection.6.4}{\376\377\133\130\120\250\217\307\172\013\122\237\200\375\143\317\217\360\377\010\0001\122\006\377\011}{section.6}% 40
\BOOKMARK [2][-]{subsection.6.5}{\376\377\155\211\123\312\166\204\121\163\174\373\210\150\060\001\217\336\143\245\133\127\153\265\116\016\146\364\145\071\211\304\122\031\377\010\0005\122\006\377\011}{section.6}% 41
\BOOKMARK [2][-]{subsection.6.6}{\376\377\116\343\210\150\116\213\116\366\000\040\000A\377\032\201\352\122\250\220\011\142\351\147\000\145\351\217\307\147\037\142\171\153\041\136\166\142\143\121\317\136\223\133\130}{section.6}% 42
\BOOKMARK [2][-]{subsection.6.7}{\376\377\116\343\210\150\116\213\116\366\000\040\000B\377\032\143\007\133\232\142\171\153\041\116\015\133\130\127\050}{section.6}% 43
\BOOKMARK [2][-]{subsection.6.8}{\376\377\116\343\210\150\116\213\116\366\000\040\000C\377\032\136\223\133\130\116\015\215\263}{section.6}% 44
\BOOKMARK [2][-]{subsection.6.9}{\376\377\121\163\225\056\116\343\170\001\116\016\172\013\136\217\157\024\171\072\377\010\0001\0001\122\006\377\011}{section.6}% 45
\BOOKMARK [1][-]{section.7}{\376\377\124\053\147\011\211\306\126\376\166\204\147\345\213\342\144\315\117\134\377\010\0001\0005\122\006\377\011}{}% 46
\BOOKMARK [2][-]{subsection.7.1}{\376\377\213\304\122\006\160\271\133\371\136\224}{section.7}% 47
\BOOKMARK [2][-]{subsection.7.2}{\376\377\211\306\126\376\140\073\117\123\213\276\213\241}{section.7}% 48
\BOOKMARK [2][-]{subsection.7.3}{\376\377\116\343\210\150\147\345\213\342\000\040\000A\377\032\147\345\167\013\147\320\116\052\116\073\116\272\166\204\121\150\220\350\133\240\162\151}{section.7}% 49
\BOOKMARK [2][-]{subsection.7.4}{\376\377\116\343\210\150\147\345\213\342\000\040\000B\377\032\147\345\167\013\203\157\162\151\136\223\133\130\123\312\123\163\134\006\217\307\147\037\213\260\137\125}{section.7}% 50
\BOOKMARK [2][-]{subsection.7.5}{\376\377\116\343\210\150\147\345\213\342\000\040\000C\377\032\147\345\167\013\147\320\123\352\133\240\162\151\142\026\147\320\116\052\116\073\116\272\166\204\125\202\203\157\213\241\122\022}{section.7}% 51
\BOOKMARK [2][-]{subsection.7.6}{\376\377\122\033\136\372\211\306\126\376\116\016\124\016\172\357\147\345\213\342\116\343\170\001\377\010\0006\122\006\377\011}{section.7}% 52
\BOOKMARK [2][-]{subsection.7.7}{\376\377\172\013\136\217\157\024\171\072\377\010\0004\122\006\377\011}{section.7}% 53
\BOOKMARK [1][-]{section.8}{\376\377\140\073\176\323}{}% 54
